-------------------------------------
Beginning Export of Source Files
CCSEA-Student-Council-Archiving_frontend.accdb
VCS Version 4.1.2
Full Path: E:\JepPersonal\School\BSCS - 2nd Year\2nd Sem\InforMan\System Proposal\Access System\CCSEA-Student-Council-Archiving_frontend.accdb
Export Folder: E:\JepPersonal\School\BSCS - 2nd Year\2nd Sem\InforMan\System Proposal\Access System\CCSEA-Student-Council-Archiving_frontend.accdb.src\
Using Fast Save
29/05/2026 4:52:23 pm
-------------------------------------
Scanning for changes...
No modified db connections found in this database.
No modified project found in this database.
No modified vb project found in this database.
No modified vbe references found in this database.
No modified vbe forms found in this database.
No modified proj properties found in this database.
No modified saved specs found in this database.
No modified commandbars found in this database.
No modified shared images found in this database.
No modified imex specs found in this database.
  Removing orphaned file: E:\JepPersonal\School\BSCS - 2nd Year\2nd Sem\InforMan\System Proposal\Access System\CCSEA-Student-Council-Archiving_frontend.accdb.src\forms\AdminDashboardF (Experiment).bas
  Removing orphaned file: E:\JepPersonal\School\BSCS - 2nd Year\2nd Sem\InforMan\System Proposal\Access System\CCSEA-Student-Council-Archiving_frontend.accdb.src\forms\AdminNavigationF.bas
  Removing orphaned file: E:\JepPersonal\School\BSCS - 2nd Year\2nd Sem\InforMan\System Proposal\Access System\CCSEA-Student-Council-Archiving_frontend.accdb.src\forms\AdminNavigationF.cls
  Removing orphaned file: E:\JepPersonal\School\BSCS - 2nd Year\2nd Sem\InforMan\System Proposal\Access System\CCSEA-Student-Council-Archiving_frontend.accdb.src\forms\ManageDocumentsF.bas
No modified macros found in this database.
No modified table data found in this database.
No modified table data macros found in this database.
No modified relations found in this database.
No modified doc properties found in this database.
No modified hidden attributes found in this database.
-------------------------------------
Exporting modules...          
  Cls_Dashboard
[1]
-------------------------------------
Exporting themes...           
  Office Theme
[1]
-------------------------------------
Exporting db properties...    
  Database Properties (DAO)
[53]
-------------------------------------
Exporting tables...           
  Approval
  Document
  Document_Request
  Role
  Session_Log
  Transaction_History
  User
[7]
-------------------------------------
Exporting queries...          
  AggregrateRecentActivityQ
    Sanitized in 0.003 seconds.
  AggregrateRecentActivityQ (SQL)
  ArchivesFilterQ
    Sanitized in 0.001 seconds.
  ArchivesFilterQ (SQL)
  ArchivesSearchQ
    Sanitized in 0.001 seconds.
  ArchivesSearchQ (SQL)
  DocumentDetailsQ
    Sanitized in 0.001 seconds.
  DocumentDetailsQ (SQL)
  LogOutQ
    Sanitized in 0.000 seconds.
  LogOutQ (SQL)
  PendingRequestQ
    Sanitized in 0.001 seconds.
  PendingRequestQ (SQL)
  RequestedDocumentsQ
    Sanitized in 0.002 seconds.
  RequestedDocumentsQ (SQL)
  RequestListQ
    Sanitized in 0.002 seconds.
  RequestListQ (SQL)
  UploaderQ
    Sanitized in 0.001 seconds.
  UploaderQ (SQL)
  UserInfoQ
    Sanitized in 0.002 seconds.
  UserInfoQ (SQL)
[10]
-------------------------------------
Exporting forms...            
  ManageUsersF
    Sanitized in 0.007 seconds.
  NavigationF
    Sanitized in 0.005 seconds.
  LoginF
    Sanitized in 0.006 seconds.
  RequestF
    Sanitized in 0.005 seconds.
  MainMenuF
    Sanitized in 0.004 seconds.
  ArchiveF
    Sanitized in 0.006 seconds.
  FilterF
    Sanitized in 0.004 seconds.
[7]
-------------------------------------
Exporting reports...          
  DocumentDetailsR
    Sanitized in 0.011 seconds.
  UserInfoR
    Sanitized in 0.013 seconds.
  ArchivesR
    Sanitized in 0.023 seconds.
  ManageDocumentsR
    Sanitized in 0.018 seconds.
  PendingRequestR
    Sanitized in 0.004 seconds.
  RequestedDocumentsR
    Sanitized in 0.018 seconds.
  RequestsHandlingR
    Sanitized in 0.012 seconds.
[7]
-------------------------------------
Exporting nav pane groups...  
  Groups
[1]
-------------------------------------
Done. (3.36 seconds)

--------------------------------------------------
                PERFORMANCE REPORTS
--------------------------------------------------
Category                      Count     Seconds
--------------------------------------------------
Forms                         7         0.84
Reports                       7         0.64
Queries                       10        0.60
Relations                     0         0.27
DB Properties                 53        0.24
Modules                       1         0.14
Tables                        7         0.14
Shared Images                 0         0.07
Nav Pane Groups               1         0.07
Themes                        1         0.04
Doc Properties                0         0.04
CommandBars                   0         0.03
DB Connections                0         0.02
VBE References                0         0.02
Hidden Attributes             0         0.02
Proj Properties               0         0.01
VB Project                    0         0.01
Project                       0         0.01
IMEX Specs                    0         0.00
Table Data Macros             0         0.00
Table Data                    0         0.00
Macros                        0         0.00
VBE Forms                     0         0.00
Saved Specs                   0         0.00
--------------------------------------------------
TOTALS:                       87        3.23
--------------------------------------------------

--------------------------------------------------
Operations                    Count     Seconds
--------------------------------------------------
App.SaveAsText()              24        0.54
Scan DB Objects               1         0.46
Read File Bytes               26        0.44
Convert to JSON               1132      0.41
Increment Progress            107       0.17
Sanitize File                 24        0.16
Write File                    60        0.09
Clear Orphaned Files          15        0.09
Format SQL                    10        0.06
Console Updates               4         0.06
Delete File                   39        0.05
Read File                     26        0.03
modFileAccess.VerifyPath      85        0.03
Read File DevMode             14        0.03
Get File Property Hash        53        0.02
Compute SHA256                148       0.02
Check for linked table        14        0.01
Save Query SQL                10        0.01
Parse JSON                    1         0.01
Quick Count Files             1         0.01
Export VBE Module             1         0.01
Get VBA Hash                  16        0.01
Get Modified Date             75        0.00
Quick Count Objects           1         0.00
Export Theme                  1         0.00
Sanitize VBA Code             13        0.00
Close Open Objects            1         0.00
Parse JSON ISO Date           37        0.00
modFileAccess.GetUncPath      17        0.00
--------------------------------------------------
Other Operations                        0.64
--------------------------------------------------


